verbose    dial_000.png           1  13.2s  'Based on the image provided, this is a dial for an oven temp'
verbose    dial_001.png           0  21.7s  'Based on the image provided, this is a circular thermostat d'
verbose    dial_002.png           0  19.0s  'Based on the image provided, the washing machine dial is poi'
verbose    dial_003.png           0  19.2s  'Based on the image provided, the washing machine dial is poi'
verbose    dial_004.png           0  22.0s  'Based on the image provided, the washing machine dial is poi'
verbose    dial_005.png           1  22.4s  'Based on the image provided, the thermostat dial is set to *'
verbose    dial_006.png           1  23.1s  'Based on the image provided, the thermostat dial is set to *'
verbose    dial_007.png           1  26.1s  'Based on the image provided, here is a description and the a'
verbose    dial_008.png           0  22.6s  'Based on the image provided, the thermostat dial is set to *'
verbose    dial_009.png           1  22.4s  'Based on the image provided, the thermostat dial is set to *'
verbose    dial_010.png           1  25.4s  'Based on the image provided, the thermostat dial is set to *'
verbose    dial_011.png           0  17.8s  'Based on the image provided, we can determine the oven tempe'
verbose    dial_012.png           0  17.9s  'Based on the image provided, the oven dial is set to **170°C'
verbose    dial_013.png           0  22.9s  'Based on the image provided, we can determine the oven tempe'
verbose    dial_014.png           0  18.0s  'Based on the image provided, the washing machine dial is poi'
verbose    dial_015.png           0  16.7s  'Based on the image provided, we can determine the temperatur'
verbose    dial_016.png           1  20.2s  'Based on the image provided, the washing machine dial is poi'
verbose    dial_017.png           0  21.5s  'Based on the image provided, the washing machine dial is poi'
verbose    dial_018.png           0  23.8s  'Based on the image provided, the oven dial is set to **180°C'
verbose    dial_019.png           0  21.0s  'Based on the image provided, the oven dial is set to **150°C'
verbose    dial_020.png           0  16.2s  'Based on the image provided, we can determine the oven tempe'
verbose    dial_021.png           0  17.4s  'Based on the image provided, the thermostat dial is set to *'
verbose    dial_022.png           0  16.2s  'Based on the image provided, the thermostat dial is set to *'
verbose    dial_023.png           0  24.9s  'Based on the image provided, we can analyze the oven dial to'
verbose    dial_024.png           0  23.6s  'Based on the image provided, this is a dial for an oven temp'
verbose    dial_025.png           0  19.7s  'Based on the image provided, the washing machine dial is poi'
verbose    readout_000.png        0  15.8s  'The image shows a digital display of an oven. The display is'
verbose    readout_001.png        0  14.5s  'The image shows a digital display, likely from an oven, with'
verbose    readout_002.png        0  32.4s  'Based on the image provided, the microwave timer displays "6'
verbose    readout_003.png        1  21.9s  'The image shows a stylized, minimalist illustration of an ov'
verbose    readout_004.png        0  18.6s  'Based on the image provided, the microwave timer displays **'
verbose    readout_005.png        0  22.4s  'The image shows a digital oven display with a green LED read'
verbose    readout_006.png        1  25.6s  'Based on the image provided, the scale displays a digital re'
verbose    readout_007.png        0  11.7s  'The scale shows a weight of 888.8.'
verbose    readout_008.png        1  24.7s  'Based on the image provided, the scale displays a digital re'
verbose    readout_009.png        0  21.1s  'The image shows a digital scale with a black display screen '
verbose    readout_010.png        0  11.6s  'The scale shows a weight of 0.0.'
verbose    readout_011.png        0  22.4s  'The image shows a close-up of a digital thermostat display. '
verbose    readout_012.png        0  18.0s  'The image shows a digital display on an oven, with the numbe'
verbose    readout_013.png        0  15.8s  'The image shows a digital display, likely from an oven, with'
verbose    readout_014.png        0  19.0s  'The image shows a digital scale with a green LED display. Th'
verbose    readout_015.png        0  19.1s  'The image shows a digital scale with a green LED display aga'
verbose    readout_016.png        0  16.7s  'The image shows a digital display, likely from an oven, set '
verbose    readout_017.png        0  16.9s  "The image shows a close-up of an oven's digital display. The"
verbose    readout_018.png        0  17.1s  'Based on the image provided, the microwave timer displays th'
verbose    readout_019.png        0  36.3s  'The image shows a microwave timer with a digital display. Th'
verbose    readout_020.png        0  22.5s  'The image shows a digital scale with an orange LED display a'
verbose    readout_021.png        0  30.4s  'Based on the image provided, the microwave timer displays th'
verbose    readout_022.png        0  14.2s  'The image shows a digital thermostat display with a black ba'
verbose    readout_023.png        0  14.1s  'The image shows a digital thermostat display with a black ba'
verbose    readout_024.png        0  16.3s  'The image shows a digital oven display with a pixelated, ret'
verbose    readout_025.png        0  14.5s  'The image shows a digital thermostat display with a black ba'
verbose    date_000.png           0  21.4s  'Based on the information provided on the label, the best bef'
verbose    date_001.png           1  26.6s  'Based on the text visible on the label in the image, the bes'
verbose    date_002.png           1   4.6s  'Based on the text visible on the label in the image, the bes'
verbose    date_003.png           1  14.4s  'Based on the label in the image, the expiry date is clearly '
verbose    date_004.png           1  14.9s  'Based on the information provided on the label, the expiry d'
verbose    date_005.png           1  16.2s  'Based on the text visible on the label in the image, the bes'
verbose    date_006.png           1  16.8s  'Based on the information provided on the label in the image,'
verbose    date_007.png           1  17.0s  'Based on the information provided on the label in the image,'
verbose    date_008.png           1  18.0s  'Based on the information provided on the label in the image,'
verbose    date_009.png           1  12.7s  'Based on the text on the label in the image, the best before'
verbose    date_010.png           1  16.4s  'Based on the information provided on the label, the best bef'
verbose    date_011.png           1  14.0s  'Based on the text visible on the label in the image, the exp'
verbose    date_012.png           1  21.6s  'Based on the information provided on the label in the image,'
verbose    date_013.png           1  25.8s  'Based on the information provided on the label, the best bef'
verbose    date_014.png           1  15.9s  'Based on the text visible on the label in the image, the bes'
verbose    date_015.png           1  17.1s  'Based on the text provided on the label in the image, the be'
verbose    date_016.png           1  24.3s  'Based on the information provided on the label, the best bef'
verbose    date_017.png           0  25.0s  'Based on the information visible on the label in the image, '
verbose    date_018.png           1  16.5s  'Based on the information provided on the label, the expiry d'
verbose    date_019.png           1  21.7s  'Based on the information provided on the label, the expiry d'
verbose    date_020.png           1  20.1s  'Based on the information provided on the label, the best bef'
verbose    date_021.png           1  18.8s  'Based on the information provided on the label in the image,'
verbose    date_022.png           1  19.5s  'Based on the information provided on the label in the image,'
verbose    date_023.png           1  15.5s  'Based on the text visible on the label in the image, the bes'
verbose    date_024.png           1  20.6s  'Based on the information provided on the label, the expiry d'
verbose    date_025.png           1  24.6s  'Based on the information provided on the label in the image,'
verbose    label_pick_000.png     1  22.6s  'Based on the image provided, the box containing baking soda '
verbose    label_pick_001.png     1  18.1s  'Based on the image provided:\n\n- The **left box** is green an'
verbose    label_pick_002.png     1  20.1s  'Based on the image provided, the beef stock is in the box on'
verbose    label_pick_003.png     0  17.2s  'Based on the image provided:\n\n- The image shows two boxes of'
verbose    label_pick_004.png     1  17.0s  'Based on the image provided:\n\n- The **left box** is green an'
verbose    label_pick_005.png     1  18.8s  'Based on the image provided, the box that contains the dishw'
verbose    label_pick_006.png     1  21.0s  'Based on the image provided, the soy milk is in the **right*'
verbose    label_pick_007.png     0  17.5s  'Based on the image provided:\n\n- The **left box** is yellow a'
verbose    label_pick_008.png     1  19.0s  'Based on the image provided:\n\n- There are two boxes side by '
verbose    label_pick_009.png     1  23.3s  'The image shows two milk cartons side by side against a ligh'
verbose    label_pick_010.png     0  17.1s  'Based on the image provided:\n\n- The **left box** is labeled '
verbose    label_pick_011.png     1  19.3s  'Based on the image provided:\n\n- The image shows two boxes si'
verbose    label_pick_012.png     1  18.7s  'Based on the image provided:\n\n- The **left box** is pink and'
verbose    label_pick_013.png     1  17.7s  'Based on the image provided:\n\n- There are two boxes shown si'
verbose    label_pick_014.png     1  19.7s  'Based on the image provided, the box containing the dishwash'
verbose    label_pick_015.png     1  18.1s  'Based on the image provided, we can identify the contents of'
verbose    label_pick_016.png     1  20.0s  'Based on the image provided:\n\n- The image shows two boxes si'
verbose    label_pick_017.png     1  18.2s  'Based on the image provided, the soy milk is in the **left**'
verbose    label_pick_018.png     0  17.8s  'Based on the image provided:\n\n- The **left box** is olive gr'
verbose    label_pick_019.png     1  20.4s  'Based on the image provided:\n\n- The **left box** is **pinkis'
verbose    label_pick_020.png     1  19.2s  'Based on the image provided:\n\n- The image shows two milk car'
verbose    label_pick_021.png     0  19.9s  'Based on the image provided:\n\n- The image shows two boxes of'
verbose    label_pick_022.png     0  21.4s  'Based on the image provided, we can identify the contents of'
verbose    label_pick_023.png     1  19.5s  'Based on the image provided:\n\n- The image shows two boxes of'
verbose    label_pick_024.png     0  14.5s  'Based on the image provided:\n\n- The **left box** is labeled '
verbose    label_pick_025.png     1  13.4s  'Based on the image provided:\n\n- The **left box** is light bl'
verbose    medication_000.png     1  18.4s  'Based on the provided image, the prescription instructions s'
verbose    medication_001.png     1  19.7s  'Based on the information provided in the image, the prescrip'
verbose    medication_002.png     1  21.4s  'Based on the information visible on the prescription label i'
verbose    medication_003.png     0  16.8s  'Based on the information provided in the image, the prescrip'
verbose    medication_004.png     1  16.7s  'Based on the information provided in the image, the medicati'
verbose    medication_005.png     1  16.6s  'Based on the text in the image, the strength of the medicati'
verbose    medication_006.png     0  18.0s  'Based on the information provided in the image, the prescrip'
verbose    medication_007.png     0  20.2s  'Based on the provided image, which shows a prescription labe'
verbose    medication_008.png     1  18.0s  'Based on the information in the image, the prescription inst'
verbose    medication_009.png     0  17.8s  'Based on the provided image, which shows a prescription labe'
verbose    medication_010.png     0  16.8s  'Based on the provided image, the prescription instructions s'
verbose    medication_011.png     1  16.3s  'Based on the image provided, the strength of the medication '
verbose    medication_012.png     1  30.7s  'Based on the prescription label in the image, the medication'
verbose    medication_013.png     0  16.3s  'Based on the provided image, the prescription instructions s'
verbose    medication_014.png     1  18.9s  'Based on the text in the image, the strength of the medicati'
verbose    medication_015.png     1  16.4s  'Based on the provided image, the strength of the medication '
verbose    medication_016.png     1  18.8s  'Based on the prescription label shown in the image, the inst'
verbose    medication_017.png     1  18.0s  'Based on the information provided in the image, the prescrip'
verbose    medication_018.png     1  22.5s  'Based on the prescription label in the image, the instructio'
verbose    medication_019.png     1  17.2s  'Based on the text in the image, the strength of the medicati'
verbose    medication_020.png     1  23.4s  'Based on the image provided, the prescription label indicate'
verbose    medication_021.png     1  18.9s  'Based on the provided image, the strength of the medication '
verbose    medication_022.png     1  16.2s  'Based on the image provided, the strength of the medication '
verbose    medication_023.png     1  16.5s  'Based on the text in the image, the strength of the medicati'
verbose    medication_024.png     1  16.4s  'Based on the provided image, the strength of the medication '
verbose    medication_025.png     1  23.6s  'Based on the prescription label in the image, the instructio'
verbose    button_000.png         1  14.2s  'The +30 Sec button is located in the bottom right.'
verbose    button_001.png         1  13.4s  'The Menu button is located at the top left.'
verbose    button_002.png         1  14.4s  'The Clock button is located in the middle row, left column.'
verbose    button_003.png         1  13.6s  'The Cancel button is located in the top left.'
verbose    button_004.png         1  15.1s  'The Start button is located in the bottom right, which corre'
verbose    button_005.png         1  13.8s  'The Stop button is located at the bottom left.'
verbose    button_006.png         1  14.0s  'The Stop button is located in the top right.'
verbose    button_007.png         1  13.8s  'The Power button is located in the top right.'
verbose    button_008.png         0  14.8s  'The Auto button is located in the middle row, center column.'
verbose    button_009.png         1  14.2s  'The Clock button is located in the bottom left.'
verbose    button_010.png         1  14.6s  'The Timer button is located in the middle row, center column'
verbose    button_011.png         1  14.7s  'The Grill button is in the middle row, right column.'
verbose    button_012.png         1  13.8s  'The Timer button is located in the top center.'
verbose    button_013.png         1  14.3s  'The Start button is located in the bottom center.'
verbose    button_014.png         1  13.8s  'The Timer button is in the top right.'
verbose    button_015.png         1  23.8s  'The image shows a 3x3 grid of buttons on a control panel, li'
verbose    button_016.png         1  14.0s  'The Clock button is located at the top center.'
verbose    button_017.png         1  14.3s  'The +30 Sec button is located in the top center of the grid.'
verbose    button_018.png         1  14.4s  'The Power button is located at the top center.'
verbose    button_019.png         1  14.2s  'The Clock button is in the top left.'
verbose    button_020.png         0  14.6s  'The Auto button is located in the middle row, center column.'
verbose    button_021.png         1  14.8s  'The +30 Sec button is located in the middle row, left column'
verbose    button_022.png         1  14.4s  'The Menu button is located in the top right.'
verbose    button_023.png         1  15.2s  'The Stop button is located in the bottom right, which is the'
verbose    button_024.png         1  14.6s  'The Start button is located in the middle row, left column.'
verbose    button_025.png         1  14.4s  'The Menu button is located at the top left.'
terse      dial_000.png           0  14.0s  '150 degrees Celsius'
terse      dial_001.png           0  13.8s  '22 degrees Celsius'
terse      dial_002.png           0  13.4s  "I can't tell."
terse      dial_003.png           0  14.1s  "I can't tell"
terse      dial_004.png           0  13.4s  "I can't tell"
terse      dial_005.png           0  14.0s  "I can't tell."
terse      dial_006.png           1  13.4s  '21 degrees Celsius'
terse      dial_007.png           0  14.0s  '75 degrees Celsius'
terse      dial_008.png           0  13.6s  "I can't tell."
terse      dial_009.png           1  13.7s  '20 degrees Celsius'
terse      dial_010.png           1  13.6s  '26 degrees Celsius'
terse      dial_011.png           0  13.7s  "I can't tell."
terse      dial_012.png           0  13.9s  '170 degrees Celsius'
terse      dial_013.png           0  13.5s  "I can't tell."
terse      dial_014.png           0  13.9s  "I can't tell."
terse      dial_015.png           0  13.3s  '26 degrees Celsius'
terse      dial_016.png           1  13.4s  '10'
terse      dial_017.png           0  13.1s  "I can't tell"
terse      dial_018.png           0  13.9s  '180 degrees Celsius'
terse      dial_019.png           0  13.5s  "I can't tell"
terse      dial_020.png           0  13.5s  '170 degrees'
terse      dial_021.png           0  13.2s  '26 degrees Celsius'
terse      dial_022.png           0  13.9s  '24 degrees Celsius'
terse      dial_023.png           0  13.9s  "I can't tell."
terse      dial_024.png           0  13.7s  '140 degrees Celsius'
terse      dial_025.png           0  14.1s  "I can't tell"
terse      readout_000.png        0  13.9s  '348 degrees'
terse      readout_001.png        0  14.2s  '888 degrees'
terse      readout_002.png        0  13.9s  '8:48'
terse      readout_003.png        1  13.6s  '220'
terse      readout_004.png        0  13.8s  '8:08'
terse      readout_005.png        0  13.5s  '280 degrees'
terse      readout_006.png        1  13.9s  '102.6 pounds'
terse      readout_007.png        0  14.0s  '888.8 pounds'
terse      readout_008.png        1  13.8s  '100.9 pounds'
terse      readout_009.png        0  14.1s  '88.8 pounds'
terse      readout_010.png        0  13.5s  '0.0 pounds'
terse      readout_011.png        0  14.0s  '88.8 degrees'
terse      readout_012.png        0  13.4s  '360 degrees'
terse      readout_013.png        0  13.8s  '828 degrees'
terse      readout_014.png        0  13.8s  '88.8 pounds'
terse      readout_015.png        0  13.5s  "I can't tell."
terse      readout_016.png        0  13.3s  '888 degrees'
terse      readout_017.png        0  13.5s  '888'
terse      readout_018.png        0  13.6s  '8:56'
terse      readout_019.png        0  13.5s  '8:88'
terse      readout_020.png        0  14.0s  '89.3 pounds'
terse      readout_021.png        0  13.3s  '8:58'
terse      readout_022.png        0  14.0s  '88.8 degrees'
terse      readout_023.png        0  13.6s  '89.0 degrees'
terse      readout_024.png        0  13.5s  '288 degrees'
terse      readout_025.png        0  13.6s  '88.0 degrees'
terse      date_000.png           1  13.8s  '12-27'
terse      date_001.png           1  13.9s  '07 MAY 25'
terse      date_002.png           1  14.3s  '11/05/2027'
terse      date_003.png           1  13.8s  '08-25'
terse      date_004.png           1  13.6s  '28 MAY 25'
terse      date_005.png           1  14.2s  '04 JUN 2027'
terse      date_006.png           1  14.2s  '15/07/2027'
terse      date_007.png           1  14.5s  '14/11/2026'
terse      date_008.png           1  14.0s  '2028-07-21'
terse      date_009.png           1  14.0s  'AUG 2027'
terse      date_010.png           1  13.9s  '23JUL26'
terse      date_011.png           1  14.5s  '10/03/2026'
terse      date_012.png           1  13.2s  '22.09.28'
terse      date_013.png           1  13.6s  '23.05.28'
terse      date_014.png           1  13.4s  '27/11/2026'
terse      date_015.png           1  13.4s  '25.10.26'
terse      date_016.png           1  13.3s  '05 MAY 27'
terse      date_017.png           0  13.2s  '2026-12'
terse      date_018.png           1  13.2s  '27 OCT 2026'
terse      date_019.png           0  13.3s  '2027-04'
terse      date_020.png           1  13.6s  '03.06.28'
terse      date_021.png           1  13.2s  '16 MAR 2026'
terse      date_022.png           1  13.6s  '04/01/2026'
terse      date_023.png           1  13.5s  '25/08/2027'
terse      date_024.png           0  13.6s  '2027-12'
terse      date_025.png           1  12.5s  '01-28'
terse      label_pick_000.png     1  13.3s  'left one'
terse      label_pick_001.png     1  12.9s  'left one'
terse      label_pick_002.png     1  13.0s  'right one'
terse      label_pick_003.png     1  13.3s  'right one'
terse      label_pick_004.png     1  13.2s  'left one'
terse      label_pick_005.png     1  13.2s  'right one'
terse      label_pick_006.png     1  13.0s  'right one'
terse      label_pick_007.png     1  13.3s  'right one'
terse      label_pick_008.png     1  13.2s  'left one'
terse      label_pick_009.png     1  13.4s  'left one'
terse      label_pick_010.png     1  12.8s  'right one'
terse      label_pick_011.png     1  13.3s  'left one'
terse      label_pick_012.png     1  13.6s  'left one'
terse      label_pick_013.png     1  13.2s  'left one'
terse      label_pick_014.png     1  13.8s  'left one'
terse      label_pick_015.png     1  13.5s  'left one'
terse      label_pick_016.png     1  13.4s  'left one'
terse      label_pick_017.png     1  13.4s  'left one'
terse      label_pick_018.png     1  13.9s  'right one'
terse      label_pick_019.png     1  13.1s  'left one'
terse      label_pick_020.png     1  13.7s  'left one'
terse      label_pick_021.png     1  13.4s  'right one'
terse      label_pick_022.png     1  13.6s  'right one'
terse      label_pick_023.png     1  13.6s  'left one'
terse      label_pick_024.png     1  13.1s  'right one'
terse      label_pick_025.png     1  13.5s  'left one'
terse      medication_000.png     1  13.4s  '1 tablet'
terse      medication_001.png     1  13.3s  '1 tablet'
terse      medication_002.png     1  12.7s  '2 tablets'
terse      medication_003.png     1  13.3s  '4 times a day'
terse      medication_004.png     1  13.2s  '1 time a day'
terse      medication_005.png     1  13.8s  '500 mg'
terse      medication_006.png     1  13.0s  '2 times a day'
terse      medication_007.png     1  13.3s  '2 tablets'
terse      medication_008.png     1  13.1s  '1 tablet'
terse      medication_009.png     1  14.3s  '3 times a day'
terse      medication_010.png     1  13.5s  '4 times a day'
terse      medication_011.png     1  13.0s  '500 mg'
terse      medication_012.png     1  13.8s  '2 times a day'
terse      medication_013.png     1  12.9s  '2 times a day'
terse      medication_014.png     1  13.4s  '20 mg'
terse      medication_015.png     1  13.1s  '5 mg'
terse      medication_016.png     1  13.0s  '2 capsules'
terse      medication_017.png     1  12.9s  '2 tablets'
terse      medication_018.png     1  12.9s  '1 tablet'
terse      medication_019.png     1  13.7s  '20 mg'
terse      medication_020.png     1  13.0s  '500 mg'
terse      medication_021.png     1  13.5s  '20 mg'
terse      medication_022.png     1  13.5s  '250 mg'
terse      medication_023.png     1  13.4s  '500 mg'
terse      medication_024.png     1  13.1s  '10 mg'
terse      medication_025.png     1  12.9s  '2 tablets'
terse      button_000.png         1  13.0s  'bottom right'
terse      button_001.png         1  12.8s  'top left'
terse      button_002.png         1  13.4s  'middle left'
terse      button_003.png         1  12.8s  'top left'
terse      button_004.png         1  13.5s  'bottom right'
terse      button_005.png         1  12.9s  'bottom left'
terse      button_006.png         1  13.5s  'top right'
terse      button_007.png         1  13.3s  'top right'
terse      button_008.png         0  13.5s  'middle centre'
terse      button_009.png         1  13.4s  'bottom left'
terse      button_010.png         1  13.2s  'middle centre'
terse      button_011.png         1  13.3s  'middle right'
terse      button_012.png         1  12.8s  'top centre'
terse      button_013.png         1  13.2s  'bottom middle'
terse      button_014.png         1  13.2s  'top right'
terse      button_015.png         1  13.4s  'middle right'
terse      button_016.png         1  13.3s  'top centre'
terse      button_017.png         1  13.4s  'top centre'
terse      button_018.png         1  13.2s  'top centre'
terse      button_019.png         1  12.9s  'top left'
terse      button_020.png         0  13.1s  'middle centre'
terse      button_021.png         1  13.1s  'middle left'
terse      button_022.png         1  13.6s  'top right'
terse      button_023.png         1  13.1s  'bottom right'
terse      button_024.png         1  13.2s  'middle left'
terse      button_025.png         1  13.3s  'top left'
terse_ocr  dial_000.png           0  13.8s  '130 degrees Celsius'
terse_ocr  dial_001.png           1  13.9s  '20 degrees Celsius'
terse_ocr  dial_002.png           0  13.7s  "I can't tell."
terse_ocr  dial_003.png           0  13.8s  "I can't tell"
terse_ocr  dial_004.png           0  14.0s  "I can't tell"
terse_ocr  dial_005.png           0  13.2s  "I can't tell"
terse_ocr  dial_006.png           1  13.4s  '21 degrees Celsius'
terse_ocr  dial_007.png           1  14.2s  '70 degrees Celsius'
terse_ocr  dial_008.png           0  13.4s  "I can't tell."
terse_ocr  dial_009.png           1  13.7s  '20 degrees Celsius'
terse_ocr  dial_010.png           1  13.5s  '26 degrees Celsius'
terse_ocr  dial_011.png           0  13.6s  "I can't tell"
terse_ocr  dial_012.png           0  13.8s  '170 degrees Celsius'
terse_ocr  dial_013.png           0  14.0s  '130 degrees Celsius'
terse_ocr  dial_014.png           0  13.1s  "I can't tell."
terse_ocr  dial_015.png           0  13.9s  '27 degrees Celsius'
terse_ocr  dial_016.png           1  13.4s  '10'
terse_ocr  dial_017.png           0  14.1s  "I can't tell"
terse_ocr  dial_018.png           0  13.7s  '180 degrees Celsius'
terse_ocr  dial_019.png           0  12.9s  "I can't tell."
terse_ocr  dial_020.png           0  12.1s  '170 degrees Celsius'
terse_ocr  dial_021.png           0  11.8s  '26 degrees Celsius'
terse_ocr  dial_022.png           0  10.7s  '24 degrees Celsius'
terse_ocr  dial_023.png           0  10.6s  "I can't tell"
terse_ocr  dial_024.png           0  11.2s  '130 degrees Celsius'
terse_ocr  dial_025.png           0  10.8s  "I can't tell"
terse_ocr  readout_000.png        0  11.0s  '348 degrees'
terse_ocr  readout_001.png        0  10.7s  '350 degrees'
terse_ocr  readout_002.png        0  11.1s  '8:48'
terse_ocr  readout_003.png        1  11.2s  '220'
terse_ocr  readout_004.png        0  10.8s  '8:08'
terse_ocr  readout_005.png        0  11.1s  '280 degrees'
terse_ocr  readout_006.png        1  11.2s  '102.6'
terse_ocr  readout_007.png        0  11.1s  '888.2'
terse_ocr  readout_008.png        1   7.4s  '100.9 pounds'
terse_ocr  readout_009.png        0   6.8s  '88.5 pounds'
terse_ocr  readout_010.png        0   8.1s  "I can't tell."
terse_ocr  readout_011.png        0   9.8s  '88.5 degrees'
terse_ocr  readout_012.png        0   9.8s  '360 degrees'
terse_ocr  readout_013.png        0   9.5s  '325 degrees'
terse_ocr  readout_014.png        0   9.5s  '88.8 pounds'
terse_ocr  readout_015.png        0   9.8s  "I can't tell."
terse_ocr  readout_016.png        0   9.7s  '888 degrees'
terse_ocr  readout_017.png        0   9.3s  '888 degrees'
terse_ocr  readout_018.png        1   9.4s  '3:56'
terse_ocr  readout_019.png        0   9.8s  '88:81'
terse_ocr  readout_020.png        0   9.5s  '89.3 pounds'
terse_ocr  readout_021.png        0   9.8s  '8:58'
terse_ocr  readout_022.png        0  10.4s  '88.8 degrees'
terse_ocr  readout_023.png        0  10.3s  '89.0 degrees'
terse_ocr  readout_024.png        1  10.4s  '245 degrees'
terse_ocr  readout_025.png        0  11.6s  '28.0 degrees'
terse_ocr  date_000.png           1  12.0s  '12-27'
terse_ocr  date_001.png           1  12.3s  '07 MAY 25'
terse_ocr  date_002.png           1  12.6s  '11/05/2027'
terse_ocr  date_003.png           1  11.7s  '08-25'
terse_ocr  date_004.png           1  12.5s  '28 MAY 25'
terse_ocr  date_005.png           1  12.1s  '04 JUN 2027'
terse_ocr  date_006.png           1  12.8s  '15/07/2027'
terse_ocr  date_007.png           1  12.5s  '14/11/2026'
terse_ocr  date_008.png           1  12.0s  '2028-07-21'
terse_ocr  date_009.png           1  13.2s  'AUG 2027'
terse_ocr  date_010.png           1  12.9s  '23JUL26'
terse_ocr  date_011.png           1  12.9s  '10/03/2026'
terse_ocr  date_012.png           1  13.0s  '22.09.28'
terse_ocr  date_013.png           1  13.1s  '23.05.28'
terse_ocr  date_014.png           1  12.9s  '27/11/2026'
terse_ocr  date_015.png           1  13.1s  '25.10.26'
terse_ocr  date_016.png           1  12.4s  '05 MAY 27'
terse_ocr  date_017.png           0  12.7s  '2026-12'
terse_ocr  date_018.png           1  33.6s  '27 OCT 2026'
terse_ocr  date_019.png           0  12.4s  '2027-04'
terse_ocr  date_020.png           1  13.1s  '03.06.28'
terse_ocr  date_021.png           1  13.1s  '16 MAR 2026'
terse_ocr  date_022.png           1  12.9s  '04/01/2026'
terse_ocr  date_023.png           1  12.7s  '25/08/2027'
terse_ocr  date_024.png           0  12.9s  '2027-12'
terse_ocr  date_025.png           1  12.9s  '01-28'
terse_ocr  label_pick_000.png     1  12.5s  'left one'
terse_ocr  label_pick_001.png     1  12.6s  'left one'
terse_ocr  label_pick_002.png     1  12.7s  'right one'
terse_ocr  label_pick_003.png     1  12.6s  'right one'
terse_ocr  label_pick_004.png     1  11.9s  'left one'
terse_ocr  label_pick_005.png     1  12.3s  'right one'
terse_ocr  label_pick_006.png     1  12.6s  'right one'
terse_ocr  label_pick_007.png     1  12.5s  'right one'
terse_ocr  label_pick_008.png     1  11.8s  'left one'
terse_ocr  label_pick_009.png     1  13.2s  'left one'
terse_ocr  label_pick_010.png     1  13.6s  'right one'
terse_ocr  label_pick_011.png     1  13.2s  'left one'
terse_ocr  label_pick_012.png     1  13.4s  'left one'
terse_ocr  label_pick_013.png     1  13.5s  'left one'
terse_ocr  label_pick_014.png     1  13.2s  'left one'
terse_ocr  label_pick_015.png     1  13.4s  'left one'
terse_ocr  label_pick_016.png     1  12.9s  'left one'
terse_ocr  label_pick_017.png     1  13.2s  'left one'
terse_ocr  label_pick_018.png     1  12.8s  'right one'
terse_ocr  label_pick_019.png     1  13.1s  'left one'
terse_ocr  label_pick_020.png     1  13.1s  'left one'
terse_ocr  label_pick_021.png     1  13.1s  'right one'
terse_ocr  label_pick_022.png     1  13.5s  'right one'
terse_ocr  label_pick_023.png     1  13.0s  'left one'
terse_ocr  label_pick_024.png     1  13.6s  'right one'
terse_ocr  label_pick_025.png     1  13.3s  'left one'
terse_ocr  medication_000.png     1  13.6s  '1 tablet'
terse_ocr  medication_001.png     1  13.1s  '1 tablet'
terse_ocr  medication_002.png     1  13.0s  '2 tablets'
terse_ocr  medication_003.png     1  13.4s  '4 times a day'
terse_ocr  medication_004.png     1  13.3s  '1 time a day'
terse_ocr  medication_005.png     1  13.5s  '500 mg'
terse_ocr  medication_006.png     1  13.5s  '2 times a day'
terse_ocr  medication_007.png     1  13.8s  '2 tablets'
terse_ocr  medication_008.png     1  13.0s  '1 tablet'
terse_ocr  medication_009.png     1  14.2s  '3 times a day'
terse_ocr  medication_010.png     1  13.3s  '4 times a day'
terse_ocr  medication_011.png     1  14.2s  '500 mg'
terse_ocr  medication_012.png     1  13.2s  '2 times a day'
terse_ocr  medication_013.png     1  13.9s  '2 times a day'
terse_ocr  medication_014.png     1  12.9s  '20 mg'
terse_ocr  medication_015.png     1  13.0s  '5 mg'
terse_ocr  medication_016.png     1  13.4s  '2 capsules'
terse_ocr  medication_017.png     1  13.3s  '2 tablets'
terse_ocr  medication_018.png     1  13.6s  '1 tablet'
terse_ocr  medication_019.png     1  13.0s  '20 mg'
terse_ocr  medication_020.png     1  13.6s  '500 mg'
terse_ocr  medication_021.png     1  12.9s  '20 mg'
terse_ocr  medication_022.png     1  13.5s  '250 mg'
terse_ocr  medication_023.png     1  13.6s  '500 mg'
terse_ocr  medication_024.png     1  13.5s  '10 mg'
terse_ocr  medication_025.png     1  12.9s  '2 tablets'
terse_ocr  button_000.png         1  12.6s  'bottom right'
terse_ocr  button_001.png         1  13.0s  'top left'
terse_ocr  button_002.png         1  12.7s  'middle left'
terse_ocr  button_003.png         1  13.6s  'top left'
terse_ocr  button_004.png         1  12.8s  'bottom right'
terse_ocr  button_005.png         1  12.7s  'bottom left'
terse_ocr  button_006.png         1  13.3s  'top right'
terse_ocr  button_007.png         1  12.9s  'top right'
terse_ocr  button_008.png         0  12.8s  'middle centre'
terse_ocr  button_009.png         1  12.7s  'bottom left'
terse_ocr  button_010.png         1  12.7s  'middle centre'
terse_ocr  button_011.png         1  12.4s  'middle right'
terse_ocr  button_012.png         1  13.4s  'top centre'
terse_ocr  button_013.png         1  13.5s  'bottom centre'
terse_ocr  button_014.png         1  13.7s  'top right'
terse_ocr  button_015.png         1  14.0s  'middle right'
terse_ocr  button_016.png         1  13.7s  'top centre'
terse_ocr  button_017.png         1  14.0s  'top centre'
terse_ocr  button_018.png         1  12.8s  'top centre'
terse_ocr  button_019.png         1  13.2s  'top left'
terse_ocr  button_020.png         0  12.6s  'middle centre'
terse_ocr  button_021.png         1  13.1s  'middle left'
terse_ocr  button_022.png         1  13.1s  'top right'
terse_ocr  button_023.png         1  13.0s  'bottom right'
terse_ocr  button_024.png         1  12.8s  'middle left'
terse_ocr  button_025.png         1  12.6s  'top left'
468 calls in 6989s
EXIT 0
